[36mvite v5.4.21 [32mbuilding for production...[36m[39m
transforming...
[32mΓ£ô[39m 2267 modules transformed.
node.exe : [31mx[39m 
Build failed in 7.27s
At line:1 char:1
+ & "C:\Program 
Files\nodejs/node.exe" 
"C:\Program 
Files\nodejs/node_mo 
...
+ ~~~~~~~~~~~~~~~~~~~~~
~~~~~~~~~~~~~~~~~~~~~~~
~~~~~~~~~~~~~~~~~~~~~~~
~~
    + CategoryInfo     
         : NotSpecifi  
  ed: ([31mx[39m B   
 uild failed in 7.2    
7s:String) [], Rem    
oteException
    + FullyQualifiedEr 
   rorId : NativeComm  
  andError
 
[31merror during 
build:
[31msrc/pages/Drilling
Twin.jsx (5:21): 
"WidthProvider" is not 
exported by "node_modul
es/react-grid-layout/di
st/index.mjs", 
imported by "src/pages/
DrillingTwin.jsx".[31m
file: [36mC:/Users/NOV
CAL/Drilling-Rig/fronte
nd/src/pages/DrillingTw
in.jsx:5:21[31m
[33m
3: import { getRigData 
} from '../api';
4: import RadialGauge 
from '../components/Rad
ialGauge';
5: import { 
Responsive, 
WidthProvider } from 
'react-grid-layout';
                       
 ^
6: import 'react-grid-l
ayout/css/styles.css';
7: import 'react-resiza
ble/css/styles.css';
[31m
    at getRollupError (
file:///C:/Users/NOVCAL
/Drilling-Rig/frontend/
node_modules/rollup/dis
t/es/shared/parseAst.js
:402:41)
    at error (file:///C
:/Users/NOVCAL/Drilling
-Rig/frontend/node_modu
les/rollup/dist/es/shar
ed/parseAst.js:398:42)
    at Module.error (fi
le:///C:/Users/NOVCAL/D
rilling-Rig/frontend/no
de_modules/rollup/dist/
es/shared/node-entry.js
:17040:16)
    at 
Module.traceVariable (f
ile:///C:/Users/NOVCAL/
Drilling-Rig/frontend/n
ode_modules/rollup/dist
/es/shared/node-entry.j
s:17452:29)
    at ModuleScope.find
Variable (file:///C:/Us
ers/NOVCAL/Drilling-Rig
/frontend/node_modules/
rollup/dist/es/shared/n
ode-entry.js:15070:39)
    at Identifier.bind 
(file:///C:/Users/NOVCA
L/Drilling-Rig/frontend
/node_modules/rollup/di
st/es/shared/node-entry
.js:5447:40)
    at 
CallExpression.bind (fi
le:///C:/Users/NOVCAL/D
rilling-Rig/frontend/no
de_modules/rollup/dist/
es/shared/node-entry.js
:2829:23)
    at 
CallExpression.bind (fi
le:///C:/Users/NOVCAL/D
rilling-Rig/frontend/no
de_modules/rollup/dist/
es/shared/node-entry.js
:12179:15)
    at VariableDeclarat
or.bind (file:///C:/Use
rs/NOVCAL/Drilling-Rig/
frontend/node_modules/r
ollup/dist/es/shared/no
de-entry.js:2829:23)
    at VariableDeclarat
ion.bind (file:///C:/Us
ers/NOVCAL/Drilling-Rig
/frontend/node_modules/
rollup/dist/es/shared/n
ode-entry.js:2825:28)[
39m
